log
log2
test
log 666